Using the latest cached version of the dataset since Salesforce/wikitext couldn't be found on the Hugging Face Hub (offline mode is enabled).
Found the latest cached dataset configuration 'wikitext-2-raw-v1' at /home/ubuntu/.cache/huggingface/datasets/Salesforce___wikitext/wikitext-2-raw-v1/0.0.0/b08601e04326c79dfdd32d625aee71d232d685c3 (last modified on Wed Aug 12 09:22:10 2026).
[transformers] Token indices sequence length is longer than the specified maximum sequence length for this model (283287 > 1024). Running this sequence through the model will result in indexing errors
Using the latest cached version of the dataset since Salesforce/wikitext couldn't be found on the Hugging Face Hub (offline mode is enabled).
Found the latest cached dataset configuration 'wikitext-2-raw-v1' at /home/ubuntu/.cache/huggingface/datasets/Salesforce___wikitext/wikitext-2-raw-v1/0.0.0/b08601e04326c79dfdd32d625aee71d232d685c3 (last modified on Wed Aug 12 09:22:10 2026).
[transformers] Token indices sequence length is longer than the specified maximum sequence length for this model (283287 > 1024). Running this sequence through the model will result in indexing errors
Using the latest cached version of the dataset since Salesforce/wikitext couldn't be found on the Hugging Face Hub (offline mode is enabled).
Found the latest cached dataset configuration 'wikitext-2-raw-v1' at /home/ubuntu/.cache/huggingface/datasets/Salesforce___wikitext/wikitext-2-raw-v1/0.0.0/b08601e04326c79dfdd32d625aee71d232d685c3 (last modified on Wed Aug 12 09:22:10 2026).
[transformers] Token indices sequence length is longer than the specified maximum sequence length for this model (283287 > 1024). Running this sequence through the model will result in indexing errors
Using the latest cached version of the dataset since Salesforce/wikitext couldn't be found on the Hugging Face Hub (offline mode is enabled).
Found the latest cached dataset configuration 'wikitext-2-raw-v1' at /home/ubuntu/.cache/huggingface/datasets/Salesforce___wikitext/wikitext-2-raw-v1/0.0.0/b08601e04326c79dfdd32d625aee71d232d685c3 (last modified on Wed Aug 12 09:22:10 2026).
[transformers] Token indices sequence length is longer than the specified maximum sequence length for this model (283287 > 1024). Running this sequence through the model will result in indexing errors
Using the latest cached version of the dataset since Salesforce/wikitext couldn't be found on the Hugging Face Hub (offline mode is enabled).
Found the latest cached dataset configuration 'wikitext-2-raw-v1' at /home/ubuntu/.cache/huggingface/datasets/Salesforce___wikitext/wikitext-2-raw-v1/0.0.0/b08601e04326c79dfdd32d625aee71d232d685c3 (last modified on Wed Aug 12 09:22:10 2026).
[transformers] Token indices sequence length is longer than the specified maximum sequence length for this model (283287 > 1024). Running this sequence through the model will result in indexing errors
PASS derivation reproduces calib_prompts.json exactly
PASS 64 study windows
PASS study spans are contiguous non-overlapping 320-token
  corpus tokens: 283287, windows available: 885
PASS 256 eval windows derived
PASS eval starts right after study set
PASS eval spans disjoint from study spans
PASS disjointness guard passes on real eval set
PASS guard fires on overlap
PASS guard fires on derivation drift
PASS pow2 arm with higher nll gives higher ppl
PASS bootstrap CI brackets the point delta
PASS bootstrap is paired over windows
PASS bootstrap deterministic
PASS mismatched arm lengths rejected

14 passed, 0 failed
