latest: Pulling from lmsysorg/sglang
d7913b78456a: Pulling fs layer
c03b8ec8dd33: Pulling fs layer
3beb10e40961: Pulling fs layer
4f4fb700ef54: Pulling fs layer
178a374f67c8: Pulling fs layer
177e452b7000: Pulling fs layer
eea924c2c8fb: Pulling fs layer
bf08b8cf3275: Pulling fs layer
428d9a708427: Pulling fs layer
bbba810992a0: Pulling fs layer
4f4fb700ef54: Pulling fs layer
afcf80b42416: Pulling fs layer
ea2289dba6e1: Pulling fs layer
db39e2faec29: Pulling fs layer
548ba184e573: Pulling fs layer
d2698c017cf5: Pulling fs layer
1cd98a0b9132: Pulling fs layer
d20d8812dddc: Pulling fs layer
2cedba666ff6: Pulling fs layer
78c1a3225656: Pulling fs layer
cf80bf63aa6f: Pulling fs layer
1b34c592b75e: Pulling fs layer
5ac076d6d88a: Pulling fs layer
8c05029ee3ab: Pulling fs layer
091caccd359d: Pulling fs layer
c60aeb0a3f28: Pulling fs layer
c28a3e66d91e: Pulling fs layer
8cd0d8c6cf6c: Pulling fs layer
b3e868156403: Pulling fs layer
dd4773f791b2: Pulling fs layer
8e31c001bf86: Pulling fs layer
ab7341a40ee7: Pulling fs layer
27bc5f72ec0d: Pulling fs layer
372335889578: Pulling fs layer
a07dd3e038f9: Pulling fs layer
4f4fb700ef54: Pulling fs layer
f9c3cc4c2f17: Pulling fs layer
4f4fb700ef54: Pulling fs layer
eb79d75b5384: Pulling fs layer
fc393301700f: Pulling fs layer
adadef2af905: Pulling fs layer
852a3634c91b: Pulling fs layer
c20926c42231: Pulling fs layer
4f4fb700ef54: Pulling fs layer
76249c7cd503: Pulling fs layer
7c85ae96a729: Pulling fs layer
6a4b92eb2458: Pulling fs layer
401d11fb2a09: Pulling fs layer
9264fbcf77c1: Pulling fs layer
f9693a291816: Pulling fs layer
3eb6bb94920f: Pulling fs layer
fdb4a03ceb42: Pulling fs layer
81fa39940c3e: Pulling fs layer
e6d87e44b51f: Pulling fs layer
19429f790429: Pulling fs layer
8fb7ecb711ef: Pulling fs layer
146fa18dceb6: Pulling fs layer
05875ba36c61: Pulling fs layer
2d90cff17ffc: Pulling fs layer
e93dd1223ff5: Pulling fs layer
a3240c4e46ae: Pulling fs layer
c0a91731c3ad: Pulling fs layer
8b287ea521fb: Pulling fs layer
aeb7d5b0ee1b: Pulling fs layer
57f685d34939: Pulling fs layer
d07a58bd268c: Pulling fs layer
11f19fcf297a: Pulling fs layer
14d61ed86472: Pulling fs layer
87f1b53f6529: Pulling fs layer
4f4fb700ef54: Already exists
4f4fb700ef54: Pull complete
c03b8ec8dd33: Download complete
d7913b78456a: Download complete
3beb10e40961: Download complete
428d9a708427: Download complete
177e452b7000: Download complete
ea2289dba6e1: Download complete
d20d8812dddc: Download complete
2cedba666ff6: Download complete
afcf80b42416: Download complete
1cd98a0b9132: Download complete
9264fbcf77c1: Download complete
2d90cff17ffc: Download complete
6a4b92eb2458: Download complete
c28a3e66d91e: Download complete
bf08b8cf3275: Download complete
852a3634c91b: Download complete
8cd0d8c6cf6c: Download complete
57f685d34939: Download complete
81fa39940c3e: Download complete
db39e2faec29: Download complete
c20926c42231: Download complete
fc393301700f: Download complete
fdb4a03ceb42: Download complete
8fb7ecb711ef: Download complete
372335889578: Download complete
87f1b53f6529: Download complete
aeb7d5b0ee1b: Download complete
7c7860752b42: Download complete
401d11fb2a09: Download complete
eb79d75b5384: Download complete
78c1a3225656: Download complete
bbba810992a0: Download complete
c0a91731c3ad: Download complete
146fa18dceb6: Download complete
e6d87e44b51f: Download complete
3eb6bb94920f: Download complete
d07a58bd268c: Download complete
f9693a291816: Download complete
c60aeb0a3f28: Download complete
19429f790429: Download complete
adadef2af905: Download complete
27bc5f72ec0d: Download complete
5ac076d6d88a: Download complete
76249c7cd503: Download complete
76249c7cd503: Pull complete
401d11fb2a09: Pull complete
548ba184e573: Download complete
091caccd359d: Download complete
a3240c4e46ae: Download complete
1b34c592b75e: Download complete
b3e868156403: Download complete
11f19fcf297a: Download complete
ab7341a40ee7: Download complete
ab7341a40ee7: Pull complete
c03b8ec8dd33: Pull complete
d7913b78456a: Pull complete
05875ba36c61: Download complete
178a374f67c8: Download complete
8e31c001bf86: Download complete
cf80bf63aa6f: Download complete
8c05029ee3ab: Download complete
dd4773f791b2: Download complete
14d61ed86472: Download complete
7c85ae96a729: Download complete
a07dd3e038f9: Download complete
8b287ea521fb: Download complete
eea924c2c8fb: Download complete
eea924c2c8fb: Pull complete
afcf80b42416: Pull complete
c20926c42231: Pull complete
8fb7ecb711ef: Pull complete
d2698c017cf5: Download complete
e93dd1223ff5: Download complete
e93dd1223ff5: Pull complete
1cd98a0b9132: Pull complete
14d61ed86472: Pull complete
8e31c001bf86: Pull complete
f9c3cc4c2f17: Download complete
a07dd3e038f9: Pull complete
d20d8812dddc: Pull complete
c28a3e66d91e: Pull complete
57f685d34939: Pull complete
c0a91731c3ad: Pull complete
8c05029ee3ab: Pull complete
6a4b92eb2458: Pull complete
7c85ae96a729: Pull complete
3beb10e40961: Pull complete
177e452b7000: Pull complete
9264fbcf77c1: Pull complete
f9c3cc4c2f17: Pull complete
852a3634c91b: Pull complete
3eb6bb94920f: Pull complete
19429f790429: Pull complete
146fa18dceb6: Pull complete
adadef2af905: Pull complete
548ba184e573: Pull complete
d2698c017cf5: Pull complete
bf08b8cf3275: Pull complete
fc393301700f: Pull complete
5ac076d6d88a: Pull complete
2cedba666ff6: Pull complete
87f1b53f6529: Pull complete
11f19fcf297a: Pull complete
8cd0d8c6cf6c: Pull complete
e6d87e44b51f: Pull complete
eb79d75b5384: Pull complete
78c1a3225656: Pull complete
fdb4a03ceb42: Pull complete
372335889578: Pull complete
aeb7d5b0ee1b: Pull complete
1b34c592b75e: Pull complete
cf80bf63aa6f: Pull complete
091caccd359d: Pull complete
178a374f67c8: Pull complete
05875ba36c61: Pull complete
428d9a708427: Pull complete
b3e868156403: Pull complete
ea2289dba6e1: Pull complete
2d90cff17ffc: Pull complete
81fa39940c3e: Pull complete
db39e2faec29: Pull complete
f9693a291816: Pull complete
bbba810992a0: Pull complete
dd4773f791b2: Pull complete
a3240c4e46ae: Pull complete
8b287ea521fb: Pull complete
d07a58bd268c: Pull complete
c60aeb0a3f28: Pull complete
27bc5f72ec0d: Pull complete
Digest: sha256:16aba8925507e631e1dc1e23d95d026533602591775f6a8db68b74ee99746155
Status: Downloaded newer image for lmsysorg/sglang:latest
docker.io/lmsysorg/sglang:latest
